------------------------------------------------------------
Timing Analyzer Summary
------------------------------------------------------------

Type  : Slow 1200mV 85C Model Setup 'mclk'
Slack : -1.869
TNS   : -3.735

Type  : Slow 1200mV 85C Model Setup 'clk'
Slack : -0.075
TNS   : -0.075

Type  : Slow 1200mV 85C Model Hold 'mclk'
Slack : 0.402
TNS   : 0.000

Type  : Slow 1200mV 85C Model Hold 'clk'
Slack : 0.442
TNS   : 0.000

Type  : Slow 1200mV 85C Model Minimum Pulse Width 'clk'
Slack : -3.000
TNS   : -6.855

Type  : Slow 1200mV 85C Model Minimum Pulse Width 'mclk'
Slack : -3.000
TNS   : -5.570

Type  : Slow 1200mV 0C Model Setup 'mclk'
Slack : -1.707
TNS   : -3.410

Type  : Slow 1200mV 0C Model Setup 'clk'
Slack : 0.021
TNS   : 0.000

Type  : Slow 1200mV 0C Model Hold 'mclk'
Slack : 0.354
TNS   : 0.000

Type  : Slow 1200mV 0C Model Hold 'clk'
Slack : 0.400
TNS   : 0.000

Type  : Slow 1200mV 0C Model Minimum Pulse Width 'clk'
Slack : -3.000
TNS   : -6.855

Type  : Slow 1200mV 0C Model Minimum Pulse Width 'mclk'
Slack : -3.000
TNS   : -5.570

Type  : Fast 1200mV 0C Model Setup 'mclk'
Slack : -0.349
TNS   : -0.694

Type  : Fast 1200mV 0C Model Setup 'clk'
Slack : 0.494
TNS   : 0.000

Type  : Fast 1200mV 0C Model Hold 'mclk'
Slack : 0.178
TNS   : 0.000

Type  : Fast 1200mV 0C Model Hold 'clk'
Slack : 0.203
TNS   : 0.000

Type  : Fast 1200mV 0C Model Minimum Pulse Width 'clk'
Slack : -3.000
TNS   : -6.183

Type  : Fast 1200mV 0C Model Minimum Pulse Width 'mclk'
Slack : -3.000
TNS   : -5.208

------------------------------------------------------------
